// Jest Snapshot v1, https://goo.gl/fbAQLP

exports[`Button renders correctly 1`] = `
<button
  className="ui button"
  onClick={[Function]}
  role="button"
>
  Next step
</button>
`;
